Led Zeppelin...

hello<br />
world

This Is The Title

X    helloX
X		helloX

YES
YES
YES
YES
================

YES
YES
YES
YES

================

hello -- world

a -- c
