Blah blah <a href="http://www.example.com" title="http://www.example.com">http://www.example.com</a> blah <a href='mailto:hello@example.com'>hello@example.com</a> blah.
